UI testing: Looking for config file: "tests/ui/function_length/pup.yaml"
UI testing: Found pup.yaml in test directory
UI testing: Successfully loaded 1 lint rules
