error: Function exceeds maximum length of 5 lines with 9 lines
  --> tests/ui/function_length_lint/long_function.rs:5:1
   |
LL | / fn too_long_function() {
LL | |     let a = 1;
LL | |     let b = 2;
LL | |     let c = 3;
...  |
LL | |     let g = 7;
LL | | }
   | |_^
   |
   = help: Consider breaking this function into smaller parts
   = note: Applied by cargo-pup rule 'long_function_test'.
   = note: `#[deny(module_lint)]` on by default

error: Function exceeds maximum length of 5 lines with 9 lines
  --> tests/ui/function_length_lint/long_function.rs:27:5
   |
LL | /     fn too_long_method(&self) {
LL | |         let a = 1;
LL | |         let b = 2;
LL | |         let c = 3;
...  |
LL | |         let g = 7;
LL | |     }
   | |_____^
   |
   = help: Consider breaking this method into smaller parts
   = note: Applied by cargo-pup rule 'long_function_test'.

error: aborting due to 2 previous errors

