UI testing: Trying to load from pup.ron with new factory
UI testing: Successfully loaded from pup.ron
