error: Function exceeds maximum length of 5 lines with 9 lines
  --> tests/ui/function_length_lint/namespace_patterns.rs:7:5
   |
LL | /     pub fn too_long_function() {
LL | |         let a = 1;
LL | |         let b = 2;
LL | |         let c = 3;
...  |
LL | |         let g = 7;
LL | |     }
   | |_____^
   |
   = help: Consider breaking this function into smaller parts
   = note: Applied by cargo-pup rule 'namespace_patterns_test'.
   = note: `#[deny(module_lint)]` on by default

error: Function exceeds maximum length of 5 lines with 9 lines
  --> tests/ui/function_length_lint/namespace_patterns.rs:29:9
   |
LL | /         pub fn too_long_method(&self) {
LL | |             let a = 1;
LL | |             let b = 2;
LL | |             let c = 3;
...  |
LL | |             let g = 7;
LL | |         }
   | |_________^
   |
   = help: Consider breaking this method into smaller parts
   = note: Applied by cargo-pup rule 'namespace_patterns_test'.

error: aborting due to 2 previous errors

