error: Module must match pattern 'good_*', found 'incorrect_name'
  --> tests/ui/module_lint_new/must_be_named.rs:12:1
   |
LL | / pub mod incorrect_name {
LL | |     pub fn some_function() {
LL | |         println!("This module doesn't follow the naming pattern");
LL | |     }
LL | | }
   | |_^
   |
   = help: Rename this module to match the pattern 'good_*'
   = note: Applied by cargo-pup rule 'must_be_named_test'.
   = note: `#[deny(module_must_be_named)]` on by default

error: Module must match pattern 'good_*', found 'another_bad_name'
  --> tests/ui/module_lint_new/must_be_named.rs:18:1
   |
LL | / pub mod another_bad_name {
LL | |     pub fn another_function() {
LL | |         println!("This module also doesn't follow the naming pattern");
LL | |     }
LL | | } 
   | |_^
   |
   = help: Rename this module to match the pattern 'good_*'
   = note: Applied by cargo-pup rule 'must_be_named_test'.

error: aborting due to 2 previous errors

