error: Item 'invalid_function' not allowed in empty module
  --> tests/ui/module_lint_new/must_be_empty_nested.rs:15:9
   |
LL | /         pub fn invalid_function() {
LL | |             println!("This shouldn't be here");
LL | |         }
   | |_________^
   |
   = help: Remove this item from the module, which must be empty
   = note: Applied by cargo-pup rule 'must_be_empty_nested_test'.
   = note: `#[deny(module_must_be_empty)]` on by default

error: Item 'InvalidStruct' not allowed in empty module
  --> tests/ui/module_lint_new/must_be_empty_nested.rs:19:9
   |
LL |         pub struct InvalidStruct;
   |         ^^^^^^^^^^^^^^^^^^^^^^^^^
   |
   = help: Remove this item from the module, which must be empty
   = note: Applied by cargo-pup rule 'must_be_empty_nested_test'.

error: aborting due to 2 previous errors

