error: Function exceeds maximum length of 3 lines with 6 lines
  --> tests/ui/module_lint_new/restrict_functions.rs:9:1
   |
LL | / fn too_long_function() {
LL | |     let a = 1;
LL | |     let b = 2;
LL | |     let c = 3;
LL | |     println!("This function has too many lines");
LL | | }
   | |_^
   |
   = help: Consider breaking this function into smaller parts
   = note: Applied by cargo-pup rule 'restrict_functions_test'.
   = note: `#[deny(module_lint)]` on by default

error: Function exceeds maximum length of 3 lines with 6 lines
  --> tests/ui/module_lint_new/restrict_functions.rs:26:5
   |
LL | /     fn too_long_method(&self) {
LL | |         let x = 1;
LL | |         let y = 2;
LL | |         let z = 3;
LL | |         println!("This method has too many lines");
LL | |     }
   | |_____^
   |
   = help: Consider breaking this method into smaller parts
   = note: Applied by cargo-pup rule 'restrict_functions_test'.

error: aborting due to 2 previous errors

