error: Function exceeds maximum length of 1 lines with 4 lines
  --> tests/ui/function_lint/projection_type_reproduce.rs:28:1
   |
LL | fn test<T: MyTrait>() -> Result<(), T::Error>
   | ^^^^^^^^^
   |
   = help: Consider breaking this function into smaller parts
   = note: Applied by cargo-pup rule 'projection_type_error_impl_test'.
   = note: `#[deny(function_lint)]` on by default

error: aborting due to 1 previous error

