error: Struct must match pattern 'TestStruct[A-Z].*', found 'TestStructlowercase'
  --> tests/ui/struct_lint_new/combined_rules.rs:12:1
   |
LL | pub struct TestStructlowercase {
   | ^^^^^^^^^^^^^^^^^^^^^^^^^^^^^^^^
   |
   = help: Rename this struct to match the pattern 'TestStruct[A-Z].*'
   = note: Applied by cargo-pup rule 'combined_naming_test'.
   = note: `#[deny(struct_lint_must_be_named)]` on by default

error: Struct must not match pattern '.*Forbidden.*'
  --> tests/ui/struct_lint_new/combined_rules.rs:17:1
   |
LL | pub struct TestStructAForbiddenName {
   | ^^^^^^^^^^^^^^^^^^^^^^^^^^^^^^^^^^^^^
   |
   = help: Choose a name that doesn't match this pattern
   = note: Applied by cargo-pup rule 'combined_naming_test'.
   = note: `#[deny(struct_lint_must_not_be_named)]` on by default

error: aborting due to 2 previous errors

