error: Struct must not match pattern 'Bad*'
  --> tests/ui/struct_lint_new/must_not_be_named.rs:10:1
   |
LL | pub struct BadName {
   | ^^^^^^^^^^^^^^^^^^^^
   |
   = help: Choose a name that doesn't match this pattern
   = note: Applied by cargo-pup rule 'must_not_be_named_test'.
   = note: `#[deny(struct_lint_must_not_be_named)]` on by default

error: Struct must not match pattern 'Bad*'
  --> tests/ui/struct_lint_new/must_not_be_named.rs:14:1
   |
LL | pub struct BadStruct {
   | ^^^^^^^^^^^^^^^^^^^^^^
   |
   = help: Choose a name that doesn't match this pattern
   = note: Applied by cargo-pup rule 'must_not_be_named_test'.

error: aborting due to 2 previous errors

