warning: Function exceeds maximum length of 2 lines with 7 lines
  --> tests/ui/function_lint_new/returns_result_error.rs:5:1
   |
LL | fn function_with_result_too_long() -> Result<(), i32> {
   | ^^^^^^^^^^^^^^^^^^^^^^^^^^^^^^^^^^^^
   |
   = help: Consider breaking this function into smaller parts
   = note: Applied by cargo-pup rule 'function_returns_result_limit'.
   = note: `#[warn(function_lint)]` on by default

warning: Function exceeds maximum length of 2 lines with 7 lines
  --> tests/ui/function_lint_new/returns_result_error.rs:16:1
   |
LL | fn function_with_custom_result_too_long() -> Result<String, MyError> {
   | ^^^^^^^^^^^^^^^^^^^^^^^^^^^^^^^^^^^^^^^^^^^^^^^^
   |
   = help: Consider breaking this function into smaller parts
   = note: Applied by cargo-pup rule 'function_returns_result_limit'.
